_C_stable_libtorch.abi3.so sm_80: 2480 kernels (2187 with global loads); evict-first (.EF) 2; kernel-built descriptor 62; parameter descriptor 0; kernels per load modifier {'EF': 2}; kernels per descriptor source [('built', 62)]
   .EF families: [('vllm::ConcatMLAQKernel', 2)]
   kernel-built-descriptor families: [('hadacore::hadamard_transform_kernel', 62)]
_C_stable_libtorch.abi3.so sm_90: 2412 kernels (2296 with global loads); evict-first (.EF) 2; kernel-built descriptor 197; parameter descriptor 0; kernels per load modifier {'EF': 2}; kernels per descriptor source [('cb:0x208', 2280), ('built', 197)]
   .EF families: [('vllm::ConcatMLAQKernel', 2)]
   kernel-built-descriptor families: [('cutlass::device_kernel<cutlass::gemm::kernel::GemmUniversal>', 72), ('cutlass::device_kernel<vllm::cutlass_3x_gemm::GemmKernel>', 40), ('cutlass::device_kernel<vllm::cutlass_3x_gemm_sm90_fp8::GemmKernel>', 28), ('_ZN7cutlass13device_kernelINS', 21), ('vllm::deepseek_v4_fused_ops::fusedDeepseekV4QNormRopeKVRopeQuantInsertKernelReducedGrid', 10), ('cutlass::device_kernel<(anonymous namespace)::cutlass_3x_group_gemm::GemmKernel>', 10), ('vllm::persistent::persistent_topk_kernel', 6), ('vllm::kimi_k3_fused_ops::fusedKimiK3MLAKVConcatPackKernel', 6)]
_C_stable_libtorch.abi3.so sm_90a: 2412 kernels (2296 with global loads); evict-first (.EF) 2; kernel-built descriptor 197; parameter descriptor 0; kernels per load modifier {'EF': 2}; kernels per descriptor source [('cb:0x208', 2280), ('built', 197)]
   .EF families: [('vllm::ConcatMLAQKernel', 2)]
   kernel-built-descriptor families: [('cutlass::device_kernel<cutlass::gemm::kernel::GemmUniversal>', 72), ('cutlass::device_kernel<vllm::cutlass_3x_gemm::GemmKernel>', 40), ('cutlass::device_kernel<vllm::cutlass_3x_gemm_sm90_fp8::GemmKernel>', 28), ('_ZN7cutlass13device_kernelINS', 21), ('vllm::deepseek_v4_fused_ops::fusedDeepseekV4QNormRopeKVRopeQuantInsertKernelReducedGrid', 10), ('cutlass::device_kernel<(anonymous namespace)::cutlass_3x_group_gemm::GemmKernel>', 10), ('vllm::persistent::persistent_topk_kernel', 6), ('vllm::kimi_k3_fused_ops::fusedKimiK3MLAKVConcatPackKernel', 6)]
_C_stable_libtorch.abi3.so sm_100: 1905 kernels (1815 with global loads); evict-first (.EF) 2; kernel-built descriptor 72; parameter descriptor 2; kernels per load modifier {'EF': 2}; kernels per descriptor source [('cb:0x358', 1799), ('built', 72), ('cb:0xb0c', 2)]
   .EF families: [('vllm::ConcatMLAQKernel', 2)]
   kernel-built-descriptor families: [('_ZN7cutlass13device_kernelI21enable', 20), ('cutlass::device_kernel<vllm::cutlass_3x_gemm_fp8_blockwise::GemmKernel>', 14), ('cutlass::device_kernel<cutlass::fmha::kernel::Sm100FmhaMlaKernelTmaWarpspecialized>', 12), ('_ZN7cutlass13device_kernelINS', 10), ('vllm::kimi_k3_fused_ops::fusedKimiK3MLAKVConcatPackKernel', 6), ('cutlass::device_kernel<(anonymous namespace)::cutlass_3x_group_gemm::GemmKernel>', 6), ('vllm::deepseek_v4_fused_ops::fusedDeepseekV4QNormRopeKVRopeQuantInsertKernelReducedGrid', 4)]
_C_stable_libtorch.abi3.so sm_100a: 1905 kernels (1815 with global loads); evict-first (.EF) 2; kernel-built descriptor 72; parameter descriptor 2; kernels per load modifier {'EF': 2}; kernels per descriptor source [('cb:0x358', 1799), ('built', 72), ('cb:0xb0c', 2)]
   .EF families: [('vllm::ConcatMLAQKernel', 2)]
   kernel-built-descriptor families: [('_ZN7cutlass13device_kernelI21enable', 20), ('cutlass::device_kernel<vllm::cutlass_3x_gemm_fp8_blockwise::GemmKernel>', 14), ('cutlass::device_kernel<cutlass::fmha::kernel::Sm100FmhaMlaKernelTmaWarpspecialized>', 12), ('_ZN7cutlass13device_kernelINS', 10), ('vllm::kimi_k3_fused_ops::fusedKimiK3MLAKVConcatPackKernel', 6), ('cutlass::device_kernel<(anonymous namespace)::cutlass_3x_group_gemm::GemmKernel>', 6), ('vllm::deepseek_v4_fused_ops::fusedDeepseekV4QNormRopeKVRopeQuantInsertKernelReducedGrid', 4)]
_C_stable_libtorch.abi3.so sm_120: 2776 kernels (2687 with global loads); evict-first (.EF) 2; kernel-built descriptor 39; parameter descriptor 0; kernels per load modifier {'EF': 2}; kernels per descriptor source [('cb:0x358', 2677), ('built', 39)]
   .EF families: [('vllm::ConcatMLAQKernel', 2)]
   kernel-built-descriptor families: [('_ZN7cutlass13device_kernelI19enable', 16), ('_ZN7cutlass13device_kernelINS', 7), ('vllm::kimi_k3_fused_ops::fusedKimiK3MLAKVConcatPackKernel', 6), ('cutlass::device_kernel<vllm::cutlass_3x_gemm_fp8_blockwise::GemmKernel>', 6), ('vllm::deepseek_v4_fused_ops::fusedDeepseekV4QNormRopeKVRopeQuantInsertKernelReducedGrid', 4)]
_C_stable_libtorch.abi3.so sm_120a: 2776 kernels (2687 with global loads); evict-first (.EF) 2; kernel-built descriptor 39; parameter descriptor 0; kernels per load modifier {'EF': 2}; kernels per descriptor source [('cb:0x358', 2677), ('built', 39)]
   .EF families: [('vllm::ConcatMLAQKernel', 2)]
   kernel-built-descriptor families: [('_ZN7cutlass13device_kernelI19enable', 16), ('_ZN7cutlass13device_kernelINS', 7), ('vllm::kimi_k3_fused_ops::fusedKimiK3MLAKVConcatPackKernel', 6), ('cutlass::device_kernel<vllm::cutlass_3x_gemm_fp8_blockwise::GemmKernel>', 6), ('vllm::deepseek_v4_fused_ops::fusedDeepseekV4QNormRopeKVRopeQuantInsertKernelReducedGrid', 4)]
