common_ops.abi3.so sm_80: 1098 kernels (990 with global loads); evict-first (.EF) 0; kernel-built descriptor 0; parameter descriptor 0; kernels per load modifier {'NA': 1}; kernels per descriptor source []
   .EF families: []
   kernel-built-descriptor families: []
common_ops.abi3.so sm_90: 2196 kernels (2076 with global loads); evict-first (.EF) 0; kernel-built descriptor 136; parameter descriptor 0; kernels per load modifier {'NA': 2}; kernels per descriptor source [('cb:0x208', 2050), ('built', 136)]
   .EF families: []
   kernel-built-descriptor families: [('_ZN7cutlass13device_kernelINS', 104), ('cutlass::device_kernel<cutlass_3x_gemm_sm90_fp8::GemmKernel>', 32)]
common_ops.abi3.so sm_90a: 2196 kernels (2076 with global loads); evict-first (.EF) 0; kernel-built descriptor 136; parameter descriptor 0; kernels per load modifier {'NA': 2}; kernels per descriptor source [('cb:0x208', 2050), ('built', 136)]
   .EF families: []
   kernel-built-descriptor families: [('_ZN7cutlass13device_kernelINS', 104), ('cutlass::device_kernel<cutlass_3x_gemm_sm90_fp8::GemmKernel>', 32)]
common_ops.abi3.so sm_100: 1098 kernels (994 with global loads); evict-first (.EF) 0; kernel-built descriptor 36; parameter descriptor 0; kernels per load modifier {'NA': 1}; kernels per descriptor source [('cb:0x358', 993), ('built', 36)]
   .EF families: []
   kernel-built-descriptor families: [('_ZN7cutlass13device_kernelINS', 24), ('cutlass::device_kernel<cutlass::fmha::kernel::Sm100FmhaMlaKernelTmaWarpspecialized>', 12)]
common_ops.abi3.so sm_100a: 1098 kernels (994 with global loads); evict-first (.EF) 0; kernel-built descriptor 36; parameter descriptor 0; kernels per load modifier {'NA': 1}; kernels per descriptor source [('cb:0x358', 993), ('built', 36)]
   .EF families: []
   kernel-built-descriptor families: [('_ZN7cutlass13device_kernelINS', 24), ('cutlass::device_kernel<cutlass::fmha::kernel::Sm100FmhaMlaKernelTmaWarpspecialized>', 12)]
common_ops.abi3.so sm_120: 1098 kernels (1086 with global loads); evict-first (.EF) 0; kernel-built descriptor 106; parameter descriptor 0; kernels per load modifier {'NA': 1}; kernels per descriptor source [('cb:0x358', 1047), ('built', 106)]
   .EF families: []
   kernel-built-descriptor families: [('_ZN7cutlass13device_kernelINS', 74), ('cutlass::device_kernel<cutlass_3x_gemm_sm90_fp8::GemmKernel>', 32)]
common_ops.abi3.so sm_120a: 1098 kernels (1086 with global loads); evict-first (.EF) 0; kernel-built descriptor 106; parameter descriptor 0; kernels per load modifier {'NA': 1}; kernels per descriptor source [('cb:0x358', 1047), ('built', 106)]
   .EF families: []
   kernel-built-descriptor families: [('_ZN7cutlass13device_kernelINS', 74), ('cutlass::device_kernel<cutlass_3x_gemm_sm90_fp8::GemmKernel>', 32)]
