_moe_C_stable_libtorch.abi3.so sm_80: 2310 kernels (2303 with global loads); evict-first (.EF) 0; kernel-built descriptor 0; parameter descriptor 0; kernels per load modifier {}; kernels per descriptor source []
   .EF families: []
   kernel-built-descriptor families: []
_moe_C_stable_libtorch.abi3.so sm_90: 1668 kernels (1662 with global loads); evict-first (.EF) 0; kernel-built descriptor 126; parameter descriptor 0; kernels per load modifier {}; kernels per descriptor source [('cb:0x208', 1536), ('built', 126)]
   .EF families: []
   kernel-built-descriptor families: [('vllm::moe::single_group_topk::detail::single_group_topk_warp_kernel', 126)]
_moe_C_stable_libtorch.abi3.so sm_90a: 1668 kernels (1662 with global loads); evict-first (.EF) 0; kernel-built descriptor 126; parameter descriptor 0; kernels per load modifier {}; kernels per descriptor source [('cb:0x208', 1536), ('built', 126)]
   .EF families: []
   kernel-built-descriptor families: [('vllm::moe::single_group_topk::detail::single_group_topk_warp_kernel', 126)]
_moe_C_stable_libtorch.abi3.so sm_100: 1668 kernels (1662 with global loads); evict-first (.EF) 0; kernel-built descriptor 63; parameter descriptor 0; kernels per load modifier {}; kernels per descriptor source [('cb:0x358', 1599), ('built', 63)]
   .EF families: []
   kernel-built-descriptor families: [('vllm::moe::single_group_topk::detail::single_group_topk_warp_kernel', 63)]
_moe_C_stable_libtorch.abi3.so sm_100a: 1668 kernels (1662 with global loads); evict-first (.EF) 0; kernel-built descriptor 63; parameter descriptor 0; kernels per load modifier {}; kernels per descriptor source [('cb:0x358', 1599), ('built', 63)]
   .EF families: []
   kernel-built-descriptor families: [('vllm::moe::single_group_topk::detail::single_group_topk_warp_kernel', 63)]
_moe_C_stable_libtorch.abi3.so sm_120: 2604 kernels (2598 with global loads); evict-first (.EF) 0; kernel-built descriptor 63; parameter descriptor 0; kernels per load modifier {}; kernels per descriptor source [('cb:0x358', 2535), ('built', 63)]
   .EF families: []
   kernel-built-descriptor families: [('vllm::moe::single_group_topk::detail::single_group_topk_warp_kernel', 63)]
_moe_C_stable_libtorch.abi3.so sm_120a: 2604 kernels (2598 with global loads); evict-first (.EF) 0; kernel-built descriptor 63; parameter descriptor 0; kernels per load modifier {}; kernels per descriptor source [('cb:0x358', 2535), ('built', 63)]
   .EF families: []
   kernel-built-descriptor families: [('vllm::moe::single_group_topk::detail::single_group_topk_warp_kernel', 63)]
