_flashmla_C.abi3.so sm_90: 45 kernels (21 with global loads); evict-first (.EF) 0; kernel-built descriptor 10; parameter descriptor 0; kernels per load modifier {'EL': 4}; kernels per descriptor source [('cb:0x208', 21), ('built', 10)]
   .EF families: []
   kernel-built-descriptor families: [('sm90::decode::sparse_fp8::flash_fwd_splitkv_mla_fp8_sparse_kernel', 4), ('sm90::fwd::sparse_attn_fwd_kernel', 4), ('sm90::flash_fwd_splitkv_mla_kernel', 2)]
_flashmla_C.abi3.so sm_90a: 45 kernels (21 with global loads); evict-first (.EF) 0; kernel-built descriptor 10; parameter descriptor 0; kernels per load modifier {'EL': 4}; kernels per descriptor source [('cb:0x208', 21), ('built', 10)]
   .EF families: []
   kernel-built-descriptor families: [('sm90::decode::sparse_fp8::flash_fwd_splitkv_mla_fp8_sparse_kernel', 4), ('sm90::fwd::sparse_attn_fwd_kernel', 4), ('sm90::flash_fwd_splitkv_mla_kernel', 2)]
_flashmla_C.abi3.so sm_100: 45 kernels (35 with global loads); evict-first (.EF) 2; kernel-built descriptor 24; parameter descriptor 0; kernels per load modifier {'NA': 8}; kernels per descriptor source [('built', 24), ('cb:0x358', 20)]
   .EF families: [('sm100::fwd_for_small_topk::head128::flash_fwd_splitkv_mla_fp8_sparse_kernel', 1), ('sm100::fwd_for_small_topk::head128::sparse_attn_fwd_for_small_topk_kernel', 1)]
   kernel-built-descriptor families: [('cutlass::device_kernel<cutlass::fmha::kernel::Sm100FmhaFwdKernelTmaWarpspecialized>', 14), ('sm100::fwd::head64::sparse_attn_fwd_kernel', 2), ('sm100::fwd::head128::sparse_attn_fwd_kernel', 2), ('sm100::fwd_for_small_topk::head128::flash_fwd_splitkv_mla_fp8_sparse_kernel', 2), ('sm100::fwd_for_small_topk::head128::sparse_attn_fwd_for_small_topk_kernel', 2), ('sm100::decode::head64::flash_fwd_splitkv_mla_fp8_sparse_kernel', 2)]
_flashmla_C.abi3.so sm_100a: 45 kernels (35 with global loads); evict-first (.EF) 2; kernel-built descriptor 24; parameter descriptor 0; kernels per load modifier {'NA': 8}; kernels per descriptor source [('built', 24), ('cb:0x358', 20)]
   .EF families: [('sm100::fwd_for_small_topk::head128::flash_fwd_splitkv_mla_fp8_sparse_kernel', 1), ('sm100::fwd_for_small_topk::head128::sparse_attn_fwd_for_small_topk_kernel', 1)]
   kernel-built-descriptor families: [('cutlass::device_kernel<cutlass::fmha::kernel::Sm100FmhaFwdKernelTmaWarpspecialized>', 14), ('sm100::fwd::head64::sparse_attn_fwd_kernel', 2), ('sm100::fwd::head128::sparse_attn_fwd_kernel', 2), ('sm100::fwd_for_small_topk::head128::flash_fwd_splitkv_mla_fp8_sparse_kernel', 2), ('sm100::fwd_for_small_topk::head128::sparse_attn_fwd_for_small_topk_kernel', 2), ('sm100::decode::head64::flash_fwd_splitkv_mla_fp8_sparse_kernel', 2)]
