libcublasLt.so.13 sm_80: 7222 kernels (7175 with global loads); evict-first (.EF) 534; kernel-built descriptor 0; parameter descriptor 0; kernels per load modifier {'EF': 534, 'NA': 121, 'EL': 2116}; kernels per descriptor source []
   .EF families: [('std::enable_if::type internal::gemvx::kernel<!(false)>', 528), ('cublasLt_imma_emu::get_minmax_block_ker', 6)]
   kernel-built-descriptor families: []
libcublasLt.so.13 sm_90: 10626 kernels (10583 with global loads); evict-first (.EF) 534; kernel-built descriptor 1210; parameter descriptor 1155; kernels per load modifier {'EF': 534, 'NA': 1863}; kernels per descriptor source [('cb:0x208', 10581), ('built', 1210), ('cb:0x2e8', 1155), ('cb:0x2d0', 770)]
   .EF families: [('std::enable_if::type internal::gemvx::kernel<!(false)>', 528), ('cublasLt_imma_emu::get_minmax_block_ker', 6)]
   kernel-built-descriptor families: [('sm90_xmma_gemm', 1208), ('cublasLt_fused_imma', 2)]
libcublasLt.so.13 sm_90a: 10626 kernels (10583 with global loads); evict-first (.EF) 534; kernel-built descriptor 1210; parameter descriptor 1155; kernels per load modifier {'EF': 534, 'NA': 1863}; kernels per descriptor source [('cb:0x208', 10581), ('built', 1210), ('cb:0x2e8', 1155), ('cb:0x2d0', 770)]
   .EF families: [('std::enable_if::type internal::gemvx::kernel<!(false)>', 528), ('cublasLt_imma_emu::get_minmax_block_ker', 6)]
   kernel-built-descriptor families: [('sm90_xmma_gemm', 1208), ('cublasLt_fused_imma', 2)]
libcublasLt.so.13 sm_100: 5670 kernels (5611 with global loads); evict-first (.EF) 534; kernel-built descriptor 2; parameter descriptor 0; kernels per load modifier {'EF': 534}; kernels per descriptor source [('cb:0x358', 5604), ('built', 2)]
   .EF families: [('std::enable_if::type internal::gemvx::kernel<!(false)>', 528), ('cublasLt_imma_emu::get_minmax_block_ker', 6)]
   kernel-built-descriptor families: [('cublasLt_fused_imma', 2)]
libcublasLt.so.13 sm_100a: 5670 kernels (5611 with global loads); evict-first (.EF) 534; kernel-built descriptor 2; parameter descriptor 0; kernels per load modifier {'EF': 534}; kernels per descriptor source [('cb:0x358', 5604), ('built', 2)]
   .EF families: [('std::enable_if::type internal::gemvx::kernel<!(false)>', 528), ('cublasLt_imma_emu::get_minmax_block_ker', 6)]
   kernel-built-descriptor families: [('cublasLt_fused_imma', 2)]
libcublasLt.so.13 sm_120: 7542 kernels (7481 with global loads); evict-first (.EF) 534; kernel-built descriptor 0; parameter descriptor 0; kernels per load modifier {'EF': 534, 'NA': 750}; kernels per descriptor source [('cb:0x358', 7477)]
   .EF families: [('std::enable_if::type internal::gemvx::kernel<!(false)>', 528), ('cublasLt_imma_emu::get_minmax_block_ker', 6)]
   kernel-built-descriptor families: []
libcublasLt.so.13 sm_120a: 7542 kernels (7481 with global loads); evict-first (.EF) 534; kernel-built descriptor 0; parameter descriptor 0; kernels per load modifier {'EF': 534, 'NA': 750}; kernels per descriptor source [('cb:0x358', 7477)]
   .EF families: [('std::enable_if::type internal::gemvx::kernel<!(false)>', 528), ('cublasLt_imma_emu::get_minmax_block_ker', 6)]
   kernel-built-descriptor families: []
