libcublas.so.13 sm_80: 4137 kernels (3787 with global loads); evict-first (.EF) 0; kernel-built descriptor 72; parameter descriptor 0; kernels per load modifier {}; kernels per descriptor source [('built', 72)]
   .EF families: []
   kernel-built-descriptor families: [('cuds_symv_alg6', 64), ('cuds_symv_stage2', 8)]
libcublas.so.13 sm_90: 4137 kernels (3787 with global loads); evict-first (.EF) 0; kernel-built descriptor 72; parameter descriptor 0; kernels per load modifier {}; kernels per descriptor source [('cb:0x208', 3801), ('built', 72)]
   .EF families: []
   kernel-built-descriptor families: [('cuds_symv_alg6', 64), ('cuds_symv_stage2', 8)]
libcublas.so.13 sm_90a: 4137 kernels (3787 with global loads); evict-first (.EF) 0; kernel-built descriptor 72; parameter descriptor 0; kernels per load modifier {}; kernels per descriptor source [('cb:0x208', 3801), ('built', 72)]
   .EF families: []
   kernel-built-descriptor families: [('cuds_symv_alg6', 64), ('cuds_symv_stage2', 8)]
libcublas.so.13 sm_100: 4137 kernels (3787 with global loads); evict-first (.EF) 0; kernel-built descriptor 72; parameter descriptor 0; kernels per load modifier {}; kernels per descriptor source [('cb:0x358', 3801), ('built', 72)]
   .EF families: []
   kernel-built-descriptor families: [('cuds_symv_alg6', 64), ('cuds_symv_stage2', 8)]
libcublas.so.13 sm_100a: 4137 kernels (3787 with global loads); evict-first (.EF) 0; kernel-built descriptor 72; parameter descriptor 0; kernels per load modifier {}; kernels per descriptor source [('cb:0x358', 3801), ('built', 72)]
   .EF families: []
   kernel-built-descriptor families: [('cuds_symv_alg6', 64), ('cuds_symv_stage2', 8)]
libcublas.so.13 sm_120: 4147 kernels (3797 with global loads); evict-first (.EF) 0; kernel-built descriptor 72; parameter descriptor 0; kernels per load modifier {}; kernels per descriptor source [('cb:0x358', 3811), ('built', 72)]
   .EF families: []
   kernel-built-descriptor families: [('cuds_symv_alg6', 64), ('cuds_symv_stage2', 8)]
libcublas.so.13 sm_120a: 4147 kernels (3797 with global loads); evict-first (.EF) 0; kernel-built descriptor 72; parameter descriptor 0; kernels per load modifier {}; kernels per descriptor source [('cb:0x358', 3811), ('built', 72)]
   .EF families: []
   kernel-built-descriptor families: [('cuds_symv_alg6', 64), ('cuds_symv_stage2', 8)]
