libcublasLt.so.12 sm_80: 7199 kernels (7151 with global loads); evict-first (.EF) 528; kernel-built descriptor 0; parameter descriptor 0; kernels per load modifier {'EF': 528, 'NA': 121, 'EL': 2116}; kernels per descriptor source []
   .EF families: [('std::enable_if::type internal::gemvx::kernel<!(false)>', 528)]
   kernel-built-descriptor families: []
libcublasLt.so.12 sm_90: 10525 kernels (10481 with global loads); evict-first (.EF) 528; kernel-built descriptor 1214; parameter descriptor 1155; kernels per load modifier {'EF': 528, 'NA': 1863}; kernels per descriptor source [('cb:0x208', 10493), ('built', 1214), ('cb:0x2e8', 1155), ('cb:0x2d0', 770)]
   .EF families: [('std::enable_if::type internal::gemvx::kernel<!(false)>', 528)]
   kernel-built-descriptor families: [('sm90_xmma_gemm_i8i32_i8i32_i32_tn_n_tilesize128x256x128_warpgroupsize2x1x1_execute_split_k_kernel__5x_cublas', 1), ('sm90_xmma_gemm_i8i32_i8i32_i32_tn_n_tilesize128x256x128_warpgroupsize2x1x1_execute_segment_k_off_kernel__5x_cublas', 1), ('sm90_xmma_gemm_i8i32_i8i32_i32_tn_n_tilesize128x256x128_warpgroupsize2x1x1_execute_segment_k_on_kernel__5x_cublas', 1), ('sm90_xmma_gemm_i8i32_i8i32_i32_tn_n_tilesize64x256x128_warpgroupsize1x1x1_execute_split_k_kernel__5x_cublas', 1), ('sm90_xmma_gemm_i8i32_i8i32_i32_tn_n_tilesize64x256x128_warpgroupsize1x1x1_execute_segment_k_off_kernel__5x_cublas', 1), ('sm90_xmma_gemm_i8i32_i8i32_i32_tn_n_tilesize64x256x128_warpgroupsize1x1x1_execute_segment_k_on_kernel__5x_cublas', 1), ('sm90_xmma_gemm_i8i32_i8i32_i32_tn_n_tilesize128x256x64_warpgroupsize2x1x1_execute_split_k_kernel__5x_cublas', 1), ('sm90_xmma_gemm_i8i32_i8i32_i32_tn_n_tilesize128x256x64_warpgroupsize2x1x1_execute_segment_k_off_kernel__5x_cublas', 1)]
libcublasLt.so.12 sm_90a: 10525 kernels (10481 with global loads); evict-first (.EF) 528; kernel-built descriptor 1214; parameter descriptor 1155; kernels per load modifier {'EF': 528, 'NA': 1863}; kernels per descriptor source [('cb:0x208', 10493), ('built', 1214), ('cb:0x2e8', 1155), ('cb:0x2d0', 770)]
   .EF families: [('std::enable_if::type internal::gemvx::kernel<!(false)>', 528)]
   kernel-built-descriptor families: [('sm90_xmma_gemm_i8i32_i8i32_i32_tn_n_tilesize128x256x128_warpgroupsize2x1x1_execute_split_k_kernel__5x_cublas', 1), ('sm90_xmma_gemm_i8i32_i8i32_i32_tn_n_tilesize128x256x128_warpgroupsize2x1x1_execute_segment_k_off_kernel__5x_cublas', 1), ('sm90_xmma_gemm_i8i32_i8i32_i32_tn_n_tilesize128x256x128_warpgroupsize2x1x1_execute_segment_k_on_kernel__5x_cublas', 1), ('sm90_xmma_gemm_i8i32_i8i32_i32_tn_n_tilesize64x256x128_warpgroupsize1x1x1_execute_split_k_kernel__5x_cublas', 1), ('sm90_xmma_gemm_i8i32_i8i32_i32_tn_n_tilesize64x256x128_warpgroupsize1x1x1_execute_segment_k_off_kernel__5x_cublas', 1), ('sm90_xmma_gemm_i8i32_i8i32_i32_tn_n_tilesize64x256x128_warpgroupsize1x1x1_execute_segment_k_on_kernel__5x_cublas', 1), ('sm90_xmma_gemm_i8i32_i8i32_i32_tn_n_tilesize128x256x64_warpgroupsize2x1x1_execute_split_k_kernel__5x_cublas', 1), ('sm90_xmma_gemm_i8i32_i8i32_i32_tn_n_tilesize128x256x64_warpgroupsize2x1x1_execute_segment_k_off_kernel__5x_cublas', 1)]
libcublasLt.so.12 sm_100: 5053 kernels (5012 with global loads); evict-first (.EF) 528; kernel-built descriptor 0; parameter descriptor 0; kernels per load modifier {'EF': 528}; kernels per descriptor source [('cb:0x358', 5021)]
   .EF families: [('std::enable_if::type internal::gemvx::kernel<!(false)>', 528)]
   kernel-built-descriptor families: []
libcublasLt.so.12 sm_100a: 5053 kernels (5012 with global loads); evict-first (.EF) 528; kernel-built descriptor 0; parameter descriptor 0; kernels per load modifier {'EF': 528}; kernels per descriptor source [('cb:0x358', 5021)]
   .EF families: [('std::enable_if::type internal::gemvx::kernel<!(false)>', 528)]
   kernel-built-descriptor families: []
libcublasLt.so.12 sm_120: 7003 kernels (6960 with global loads); evict-first (.EF) 528; kernel-built descriptor 0; parameter descriptor 0; kernels per load modifier {'EF': 528, 'NA': 750}; kernels per descriptor source [('cb:0x358', 6970)]
   .EF families: [('std::enable_if::type internal::gemvx::kernel<!(false)>', 528)]
   kernel-built-descriptor families: []
libcublasLt.so.12 sm_120a: 7003 kernels (6960 with global loads); evict-first (.EF) 528; kernel-built descriptor 0; parameter descriptor 0; kernels per load modifier {'EF': 528, 'NA': 750}; kernels per descriptor source [('cb:0x358', 6970)]
   .EF families: [('std::enable_if::type internal::gemvx::kernel<!(false)>', 528)]
   kernel-built-descriptor families: []
